  ladder capped at 12288 MB (--top): a database that fails there is reported as a bound

  doltgres oneshot: 21 database(s)
    adventureworks (sales_salesorderdetail, 121,317 rows)
       1536 MB -> ok
        256 MB -> ok
        128 MB -> ok
         96 MB -> ok
         64 MB -> ok
      -> 64 MB (ok)
    adventureworks_lt (customer, 847 rows)
       1536 MB -> ok
        256 MB -> ok
        128 MB -> ok
         96 MB -> ok
         64 MB -> ok
      -> 64 MB (ok)
    chicago_crimes (crimes, 259,607 rows)
       1536 MB -> ok
        256 MB -> ok
        128 MB -> ok
         96 MB -> ok
         64 MB -> ok
      -> 64 MB (ok)
    chinook (playlisttrack, 8,715 rows)
       1536 MB -> ok
        256 MB -> ok
        128 MB -> ok
         96 MB -> ok
         64 MB -> ok
      -> 64 MB (ok)
    contoso (orderrows, 223,974 rows)
       1536 MB -> ok
        256 MB -> ok
        128 MB -> ok
         96 MB -> ok
         64 MB -> ok
      -> 64 MB (ok)
    dvdstore (cust_hist, 60,350 rows)
       1536 MB -> ok
        256 MB -> ok
        128 MB -> ok
         96 MB -> ok
         64 MB -> oom
      -> 96 MB (oom)
    employees (salaries, 2,844,047 rows)
       1536 MB -> ok
        256 MB -> ok
        128 MB -> ok
         96 MB -> ok
         64 MB -> ok
      -> 64 MB (ok)
    enron (recipient, 38,832 rows)
       1536 MB -> ok
        256 MB -> ok
        128 MB -> ok
         96 MB -> ok
         64 MB -> ok
      -> 64 MB (ok)
    jaffle_shop (raw_payments, 113 rows)
       1536 MB -> ok
        256 MB -> ok
        128 MB -> ok
         96 MB -> ok
         64 MB -> ok
      -> 64 MB (ok)
    lahman (fielding, 174,332 rows)
       1536 MB -> ok
        256 MB -> ok
        128 MB -> ok
         96 MB -> ok
         64 MB -> oom
      -> 96 MB (oom)
    northwind (order_details, 2,155 rows)
       1536 MB -> ok
        256 MB -> ok
        128 MB -> ok
         96 MB -> ok
         64 MB -> ok
      -> 64 MB (ok)
    nyc_taxi (green_trips, 48,326 rows)
       1536 MB -> ok
        256 MB -> ok
        128 MB -> ok
         96 MB -> ok
         64 MB -> ok
      -> 64 MB (ok)
    oracle_co (order_items, 3,914 rows)
       1536 MB -> ok
        256 MB -> ok
        128 MB -> ok
         96 MB -> ok
         64 MB -> ok
      -> 64 MB (ok)
    oracle_hr (employees, 107 rows)
       1536 MB -> ok
        256 MB -> ok
        128 MB -> ok
         96 MB -> ok
         64 MB -> ok
      -> 64 MB (ok)
    oracle_oe (product_descriptions, 8,640 rows)
       1536 MB -> ok
        256 MB -> ok
        128 MB -> ok
         96 MB -> ok
         64 MB -> ok
      -> 64 MB (ok)
    oracle_sh (sales, 918,843 rows)
       1536 MB -> ok
        256 MB -> ok
        128 MB -> oom
        192 MB -> ok
      -> 192 MB (oom)
    pubs (roysched, 86 rows)
       1536 MB -> ok
        256 MB -> ok
        128 MB -> ok
         96 MB -> ok
         64 MB -> ok
      -> 64 MB (ok)
    sakila (payment, 16,044 rows)
       1536 MB -> ok
        256 MB -> ok
        128 MB -> ok
         96 MB -> ok
         64 MB -> ok
      -> 64 MB (ok)
    smallsets (titanic, 1,309 rows)
       1536 MB -> ok
        256 MB -> ok
        128 MB -> ok
         96 MB -> ok
         64 MB -> ok
      -> 64 MB (ok)
    stackexchange_beer (votes, 20,765 rows)
       1536 MB -> ok
        256 MB -> ok
        128 MB -> ok
         96 MB -> ok
         64 MB -> ok
      -> 64 MB (ok)
    wikipedia_simple (pagelinks, 769,735 rows)
       1536 MB -> ok
        256 MB -> ok
        128 MB -> ok
         96 MB -> ok
         64 MB -> ok
      -> 64 MB (ok)

  doltgres rowinsert: 21 database(s)
    adventureworks (sales_salesorderdetail, 121,317 rows)
       1536 MB -> ok
        256 MB -> ok
        128 MB -> ok
         96 MB -> ok
         64 MB -> ok
      -> 64 MB (ok)
    adventureworks_lt (customer, 847 rows)
       1536 MB -> ok
        256 MB -> ok
        128 MB -> ok
         96 MB -> ok
         64 MB -> ok
      -> 64 MB (ok)
    chicago_crimes (crimes, 259,607 rows)
       1536 MB -> ok
        256 MB -> ok
        128 MB -> ok
         96 MB -> ok
         64 MB -> ok
      -> 64 MB (ok)
    chinook (playlisttrack, 8,715 rows)
       1536 MB -> ok
        256 MB -> ok
        128 MB -> ok
         96 MB -> ok
         64 MB -> ok
      -> 64 MB (ok)
    contoso (orderrows, 223,974 rows)
       1536 MB -> ok
        256 MB -> ok
        128 MB -> ok
         96 MB -> ok
         64 MB -> oom
      -> 96 MB (oom)
    dvdstore (cust_hist, 60,350 rows)
       1536 MB -> ok
        256 MB -> ok
        128 MB -> ok
         96 MB -> ok
         64 MB -> ok
      -> 64 MB (ok)
    employees (salaries, 2,844,047 rows)
       1536 MB -> ok
        256 MB -> ok
        128 MB -> ok
         96 MB -> ok
         64 MB -> ok
      -> 64 MB (ok)
    enron (recipient, 38,832 rows)
       1536 MB -> ok
        256 MB -> ok
        128 MB -> ok
         96 MB -> ok
         64 MB -> ok
      -> 64 MB (ok)
    jaffle_shop (raw_payments, 113 rows)
       1536 MB -> ok
        256 MB -> ok
        128 MB -> ok
         96 MB -> ok
         64 MB -> ok
      -> 64 MB (ok)
    lahman (fielding, 174,332 rows)
       1536 MB -> ok
        256 MB -> ok
        128 MB -> ok
         96 MB -> ok
         64 MB -> oom
      -> 96 MB (oom)
    northwind (order_details, 2,155 rows)
       1536 MB -> ok
        256 MB -> ok
        128 MB -> ok
         96 MB -> ok
         64 MB -> ok
      -> 64 MB (ok)
    nyc_taxi (green_trips, 48,326 rows)
       1536 MB -> ok
        256 MB -> ok
        128 MB -> ok
         96 MB -> ok
         64 MB -> ok
      -> 64 MB (ok)
    oracle_co (order_items, 3,914 rows)
       1536 MB -> ok
        256 MB -> ok
        128 MB -> ok
         96 MB -> ok
         64 MB -> ok
      -> 64 MB (ok)
    oracle_hr (employees, 107 rows)
       1536 MB -> ok
        256 MB -> ok
        128 MB -> ok
         96 MB -> ok
         64 MB -> ok
      -> 64 MB (ok)
    oracle_oe (product_descriptions, 8,640 rows)
       1536 MB -> ok
        256 MB -> ok
        128 MB -> ok
         96 MB -> ok
         64 MB -> ok
      -> 64 MB (ok)
    oracle_sh (sales, 918,843 rows)
       1536 MB -> ok
        256 MB -> ok
        128 MB -> oom
        192 MB -> ok
      -> 192 MB (oom)
    pubs (roysched, 86 rows)
       1536 MB -> ok
        256 MB -> ok
        128 MB -> ok
         96 MB -> ok
         64 MB -> ok
      -> 64 MB (ok)
    sakila (payment, 16,044 rows)
       1536 MB -> ok
        256 MB -> ok
        128 MB -> ok
         96 MB -> ok
         64 MB -> ok
      -> 64 MB (ok)
    smallsets (titanic, 1,309 rows)
       1536 MB -> ok
        256 MB -> ok
        128 MB -> ok
         96 MB -> ok
         64 MB -> ok
      -> 64 MB (ok)
    stackexchange_beer (votes, 20,765 rows)
       1536 MB -> ok
        256 MB -> ok
        128 MB -> ok
         96 MB -> ok
